[2025-08-03 08:51:33] local.ERROR: Database file at path [C:\Users\alliz\OneDrive\Documents\GitHub\trial\teen-titans\forkfuldiaries\database\database.sqlite] does not exist. Ensure this is an absolute path to the database. (Connection: sqlite, SQL: select * from "sessions" where "id" = SQbSmJpZmcpb3esPx6ajOGLh03KHAS24O4NGD5VR limit 1) {"exception":"[object] (Illuminate\\Database\\QueryException(code: 0): Database file at path [C:\\Users\\alliz\\OneDrive\\Documents\\GitHub\\trial\\teen-titans\\forkfuldiaries\\database\\database.sqlite] does not exist. Ensure this is an absolute path to the database. (Connection: sqlite, SQL: select * from \"sessions\" where \"id\" = SQbSmJpZmcpb3esPx6ajOGLh03KHAS24O4NGD5VR limit 1) at C:\\Users\\alliz\\OneDrive\\Documents\\GitHub\\trial\\teen-titans\\forkfuldiaries\\vendor\\laravel\\framework\\src\\Illuminate\\Database\\Connection.php:824)
[stacktrace]
#0 C:\\Users\\alliz\\OneDrive\\Documents\\GitHub\\trial\\teen-titans\\forkfuldiaries\\vendor\\laravel\\framework\\src\\Illuminate\\Database\\Connection.php(778): Illuminate\\Database\\Connection->runQueryCallback()
#1 C:\\Users\\alliz\\OneDrive\\Documents\\GitHub\\trial\\teen-titans\\forkfuldiaries\\vendor\\laravel\\framework\\src\\Illuminate\\Database\\Connection.php(397): Illuminate\\Database\\Connection->run()
#2 C:\\Users\\alliz\\OneDrive\\Documents\\GitHub\\trial\\teen-titans\\forkfuldiaries\\vendor\\laravel\\framework\\src\\Illuminate\\Database\\Query\\Builder.php(3188): Illuminate\\Database\\Connection->select()
#3 C:\\Users\\alliz\\OneDrive\\Documents\\GitHub\\trial\\teen-titans\\forkfuldiaries\\vendor\\laravel\\framework\\src\\Illuminate\\Database\\Query\\Builder.php(3173): Illuminate\\Database\\Query\\Builder->runSelect()
#4 C:\\Users\\alliz\\OneDrive\\Documents\\GitHub\\trial\\teen-titans\\forkfuldiaries\\vendor\\laravel\\framework\\src\\Illuminate\\Database\\Query\\Builder.php(3763): Illuminate\\Database\\Query\\Builder->{closure:Illuminate\\Database\\Query\\Builder::get():3172}()
#5 C:\\Users\\alliz\\OneDrive\\Documents\\GitHub\\trial\\teen-titans\\forkfuldiaries\\vendor\\laravel\\framework\\src\\Illuminate\\Database\\Query\\Builder.php(3172): Illuminate\\Database\\Query\\Builder->onceWithColumns()
#6 C:\\Users\\alliz\\OneDrive\\Documents\\GitHub\\trial\\teen-titans\\forkfuldiaries\\vendor\\laravel\\framework\\src\\Illuminate\\Database\\Concerns\\BuildsQueries.php(366): Illuminate\\Database\\Query\\Builder->get()
#7 C:\\Users\\alliz\\OneDrive\\Documents\\GitHub\\trial\\teen-titans\\forkfuldiaries\\vendor\\laravel\\framework\\src\\Illuminate\\Database\\Query\\Builder.php(3095): Illuminate\\Database\\Query\\Builder->first()
#8 C:\\Users\\alliz\\OneDrive\\Documents\\GitHub\\trial\\teen-titans\\forkfuldiaries\\vendor\\laravel\\framework\\src\\Illuminate\\Session\\DatabaseSessionHandler.php(96): Illuminate\\Database\\Query\\Builder->find()
#9 C:\\Users\\alliz\\OneDrive\\Documents\\GitHub\\trial\\teen-titans\\forkfuldiaries\\vendor\\laravel\\framework\\src\\Illuminate\\Session\\Store.php(116): Illuminate\\Session\\DatabaseSessionHandler->read()
#10 C:\\Users\\alliz\\OneDrive\\Documents\\GitHub\\trial\\teen-titans\\forkfuldiaries\\vendor\\laravel\\framework\\src\\Illuminate\\Session\\Store.php(104): Illuminate\\Session\\Store->readFromHandler()
#11 C:\\Users\\alliz\\OneDrive\\Documents\\GitHub\\trial\\teen-titans\\forkfuldiaries\\vendor\\laravel\\framework\\src\\Illuminate\\Session\\Store.php(88): Illuminate\\Session\\Store->loadSession()
#12 C:\\Users\\alliz\\OneDrive\\Documents\\GitHub\\trial\\teen-titans\\forkfuldiaries\\vendor\\laravel\\framework\\src\\Illuminate\\Session\\Middleware\\StartSession.php(146): Illuminate\\Session\\Store->start()
#13 C:\\Users\\alliz\\OneDrive\\Documents\\GitHub\\trial\\teen-titans\\forkfuldiaries\\vendor\\laravel\\framework\\src\\Illuminate\\Support\\helpers.php(399): Illuminate\\Session\\Middleware\\StartSession->{closure:Illuminate\\Session\\Middleware\\StartSession::startSession():143}()
#14 C:\\Users\\alliz\\OneDrive\\Documents\\GitHub\\trial\\teen-titans\\forkfuldiaries\\vendor\\laravel\\framework\\src\\Illuminate\\Session\\Middleware\\StartSession.php(143): tap()
#15 C:\\Users\\alliz\\OneDrive\\Documents\\GitHub\\trial\\teen-titans\\forkfuldiaries\\vendor\\laravel\\framework\\src\\Illuminate\\Session\\Middleware\\StartSession.php(115): Illuminate\\Session\\Middleware\\StartSession->startSession()
#16 C:\\Users\\alliz\\OneDrive\\Documents\\GitHub\\trial\\teen-titans\\forkfuldiaries\\vendor\\laravel\\framework\\src\\Illuminate\\Session\\Middleware\\StartSession.php(63): Illuminate\\Session\\Middleware\\StartSession->handleStatefulRequest()
#17 C:\\Users\\alliz\\OneDrive\\Documents\\GitHub\\trial\\teen-titans\\forkfuldiaries\\vendor\\laravel\\framework\\src\\Illuminate\\Pipeline\\Pipeline.php(208): Illuminate\\Session\\Middleware\\StartSession->handle()
#18 C:\\Users\\alliz\\OneDrive\\Documents\\GitHub\\trial\\teen-titans\\forkfuldiaries\\vendor\\laravel\\framework\\src\\Illuminate\\Cookie\\Middleware\\AddQueuedCookiesToResponse.php(36): Illuminate\\Pipeline\\Pipeline->{closure:{closure:Illuminate\\Pipeline\\Pipeline::carry():183}:184}()
#19 C:\\Users\\alliz\\OneDrive\\Documents\\GitHub\\trial\\teen-titans\\forkfuldiaries\\vendor\\laravel\\framework\\src\\Illuminate\\Pipeline\\Pipeline.php(208): Illuminate\\Cookie\\Middleware\\AddQueuedCookiesToResponse->handle()
#20 C:\\Users\\alliz\\OneDrive\\Documents\\GitHub\\trial\\teen-titans\\forkfuldiaries\\vendor\\laravel\\framework\\src\\Illuminate\\Cookie\\Middleware\\EncryptCookies.php(74): Illuminate\\Pipeline\\Pipeline->{closure:{closure:Illuminate\\Pipeline\\Pipeline::carry():183}:184}()
#21 C:\\Users\\alliz\\OneDrive\\Documents\\GitHub\\trial\\teen-titans\\forkfuldiaries\\vendor\\laravel\\framework\\src\\Illuminate\\Pipeline\\Pipeline.php(208): Illuminate\\Cookie\\Middleware\\EncryptCookies->handle()
#22 C:\\Users\\alliz\\OneDrive\\Documents\\GitHub\\trial\\teen-titans\\forkfuldiaries\\vendor\\laravel\\framework\\src\\Illuminate\\Pipeline\\Pipeline.php(126): Illuminate\\Pipeline\\Pipeline->{closure:{closure:Illuminate\\Pipeline\\Pipeline::carry():183}:184}()
#23 C:\\Users\\alliz\\OneDrive\\Documents\\GitHub\\trial\\teen-titans\\forkfuldiaries\\vendor\\laravel\\framework\\src\\Illuminate\\Routing\\Router.php(807): Illuminate\\Pipeline\\Pipeline->then()
#24 C:\\Users\\alliz\\OneDrive\\Documents\\GitHub\\trial\\teen-titans\\forkfuldiaries\\vendor\\laravel\\framework\\src\\Illuminate\\Routing\\Router.php(786): Illuminate\\Routing\\Router->runRouteWithinStack()
#25 C:\\Users\\alliz\\OneDrive\\Documents\\GitHub\\trial\\teen-titans\\forkfuldiaries\\vendor\\laravel\\framework\\src\\Illuminate\\Routing\\Router.php(750): Illuminate\\Routing\\Router->runRoute()
#26 C:\\Users\\alliz\\OneDrive\\Documents\\GitHub\\trial\\teen-titans\\forkfuldiaries\\vendor\\laravel\\framework\\src\\Illuminate\\Routing\\Router.php(739): Illuminate\\Routing\\Router->dispatchToRoute()
#27 C:\\Users\\alliz\\OneDrive\\Documents\\GitHub\\trial\\teen-titans\\forkfuldiaries\\vendor\\laravel\\framework\\src\\Illuminate\\Foundation\\Http\\Kernel.php(200): Illuminate\\Routing\\Router->dispatch()
#28 C:\\Users\\alliz\\OneDrive\\Documents\\GitHub\\trial\\teen-titans\\forkfuldiaries\\vendor\\laravel\\framework\\src\\Illuminate\\Pipeline\\Pipeline.php(169): Illuminate\\Foundation\\Http\\Kernel->{closure:Illuminate\\Foundation\\Http\\Kernel::dispatchToRouter():197}()
#29 C:\\Users\\alliz\\OneDrive\\Documents\\GitHub\\trial\\teen-titans\\forkfuldiaries\\vendor\\laravel\\framework\\src\\Illuminate\\Foundation\\Http\\Middleware\\TransformsRequest.php(21): Illuminate\\Pipeline\\Pipeline->{closure:Illuminate\\Pipeline\\Pipeline::prepareDestination():167}()
#30 C:\\Users\\alliz\\OneDrive\\Documents\\GitHub\\trial\\teen-titans\\forkfuldiaries\\vendor\\laravel\\framework\\src\\Illuminate\\Foundation\\Http\\Middleware\\ConvertEmptyStringsToNull.php(31): Illuminate\\Foundation\\Http\\Middleware\\TransformsRequest->handle()
#31 C:\\Users\\alliz\\OneDrive\\Documents\\GitHub\\trial\\teen-titans\\forkfuldiaries\\vendor\\laravel\\framework\\src\\Illuminate\\Pipeline\\Pipeline.php(208): Illuminate\\Foundation\\Http\\Middleware\\ConvertEmptyStringsToNull->handle()
#32 C:\\Users\\alliz\\OneDrive\\Documents\\GitHub\\trial\\teen-titans\\forkfuldiaries\\vendor\\laravel\\framework\\src\\Illuminate\\Foundation\\Http\\Middleware\\TransformsRequest.php(21): Illuminate\\Pipeline\\Pipeline->{closure:{closure:Illuminate\\Pipeline\\Pipeline::carry():183}:184}()
#33 C:\\Users\\alliz\\OneDrive\\Documents\\GitHub\\trial\\teen-titans\\forkfuldiaries\\vendor\\laravel\\framework\\src\\Illuminate\\Foundation\\Http\\Middleware\\TrimStrings.php(51): Illuminate\\Foundation\\Http\\Middleware\\TransformsRequest->handle()
#34 C:\\Users\\alliz\\OneDrive\\Documents\\GitHub\\trial\\teen-titans\\forkfuldiaries\\vendor\\laravel\\framework\\src\\Illuminate\\Pipeline\\Pipeline.php(208): Illuminate\\Foundation\\Http\\Middleware\\TrimStrings->handle()
#35 C:\\Users\\alliz\\OneDrive\\Documents\\GitHub\\trial\\teen-titans\\forkfuldiaries\\vendor\\laravel\\framework\\src\\Illuminate\\Http\\Middleware\\ValidatePostSize.php(27): Illuminate\\Pipeline\\Pipeline->{closure:{closure:Illuminate\\Pipeline\\Pipeline::carry():183}:184}()
#36 C:\\Users\\alliz\\OneDrive\\Documents\\GitHub\\trial\\teen-titans\\forkfuldiaries\\vendor\\laravel\\framework\\src\\Illuminate\\Pipeline\\Pipeline.php(208): Illuminate\\Http\\Middleware\\ValidatePostSize->handle()
#37 C:\\Users\\alliz\\OneDrive\\Documents\\GitHub\\trial\\teen-titans\\forkfuldiaries\\vendor\\laravel\\framework\\src\\Illuminate\\Foundation\\Http\\Middleware\\PreventRequestsDuringMaintenance.php(109): Illuminate\\Pipeline\\Pipeline->{closure:{closure:Illuminate\\Pipeline\\Pipeline::carry():183}:184}()
#38 C:\\Users\\alliz\\OneDrive\\Documents\\GitHub\\trial\\teen-titans\\forkfuldiaries\\vendor\\laravel\\framework\\src\\Illuminate\\Pipeline\\Pipeline.php(208): Illuminate\\Foundation\\Http\\Middleware\\PreventRequestsDuringMaintenance->handle()
#39 C:\\Users\\alliz\\OneDrive\\Documents\\GitHub\\trial\\teen-titans\\forkfuldiaries\\vendor\\laravel\\framework\\src\\Illuminate\\Http\\Middleware\\HandleCors.php(48): Illuminate\\Pipeline\\Pipeline->{closure:{closure:Illuminate\\Pipeline\\Pipeline::carry():183}:184}()
#40 C:\\Users\\alliz\\OneDrive\\Documents\\GitHub\\trial\\teen-titans\\forkfuldiaries\\vendor\\laravel\\framework\\src\\Illuminate\\Pipeline\\Pipeline.php(208): Illuminate\\Http\\Middleware\\HandleCors->handle()
#41 C:\\Users\\alliz\\OneDrive\\Documents\\GitHub\\trial\\teen-titans\\forkfuldiaries\\vendor\\laravel\\framework\\src\\Illuminate\\Http\\Middleware\\TrustProxies.php(58): Illuminate\\Pipeline\\Pipeline->{closure:{closure:Illuminate\\Pipeline\\Pipeline::carry():183}:184}()
#42 C:\\Users\\alliz\\OneDrive\\Documents\\GitHub\\trial\\teen-titans\\forkfuldiaries\\vendor\\laravel\\framework\\src\\Illuminate\\Pipeline\\Pipeline.php(208): Illuminate\\Http\\Middleware\\TrustProxies->handle()
#43 C:\\Users\\alliz\\OneDrive\\Documents\\GitHub\\trial\\teen-titans\\forkfuldiaries\\vendor\\laravel\\framework\\src\\Illuminate\\Foundation\\Http\\Middleware\\InvokeDeferredCallbacks.php(22): Illuminate\\Pipeline\\Pipeline->{closure:{closure:Illuminate\\Pipeline\\Pipeline::carry():183}:184}()
#44 C:\\Users\\alliz\\OneDrive\\Documents\\GitHub\\trial\\teen-titans\\forkfuldiaries\\vendor\\laravel\\framework\\src\\Illuminate\\Pipeline\\Pipeline.php(208): Illuminate\\Foundation\\Http\\Middleware\\InvokeDeferredCallbacks->handle()
#45 C:\\Users\\alliz\\OneDrive\\Documents\\GitHub\\trial\\teen-titans\\forkfuldiaries\\vendor\\laravel\\framework\\src\\Illuminate\\Http\\Middleware\\ValidatePathEncoding.php(26): Illuminate\\Pipeline\\Pipeline->{closure:{closure:Illuminate\\Pipeline\\Pipeline::carry():183}:184}()
#46 C:\\Users\\alliz\\OneDrive\\Documents\\GitHub\\trial\\teen-titans\\forkfuldiaries\\vendor\\laravel\\framework\\src\\Illuminate\\Pipeline\\Pipeline.php(208): Illuminate\\Http\\Middleware\\ValidatePathEncoding->handle()
#47 C:\\Users\\alliz\\OneDrive\\Documents\\GitHub\\trial\\teen-titans\\forkfuldiaries\\vendor\\laravel\\framework\\src\\Illuminate\\Pipeline\\Pipeline.php(126): Illuminate\\Pipeline\\Pipeline->{closure:{closure:Illuminate\\Pipeline\\Pipeline::carry():183}:184}()
#48 C:\\Users\\alliz\\OneDrive\\Documents\\GitHub\\trial\\teen-titans\\forkfuldiaries\\vendor\\laravel\\framework\\src\\Illuminate\\Foundation\\Http\\Kernel.php(175): Illuminate\\Pipeline\\Pipeline->then()
#49 C:\\Users\\alliz\\OneDrive\\Documents\\GitHub\\trial\\teen-titans\\forkfuldiaries\\vendor\\laravel\\framework\\src\\Illuminate\\Foundation\\Http\\Kernel.php(144): Illuminate\\Foundation\\Http\\Kernel->sendRequestThroughRouter()
#50 C:\\Users\\alliz\\OneDrive\\Documents\\GitHub\\trial\\teen-titans\\forkfuldiaries\\vendor\\laravel\\framework\\src\\Illuminate\\Foundation\\Application.php(1219): Illuminate\\Foundation\\Http\\Kernel->handle()
#51 C:\\Users\\alliz\\OneDrive\\Documents\\GitHub\\trial\\teen-titans\\forkfuldiaries\\public\\index.php(20): Illuminate\\Foundation\\Application->handleRequest()
#52 C:\\Users\\alliz\\OneDrive\\Documents\\GitHub\\trial\\teen-titans\\forkfuldiaries\\vendor\\laravel\\framework\\src\\Illuminate\\Foundation\\resources\\server.php(23): require_once('...')
#53 {main}

[previous exception] [object] (Illuminate\\Database\\SQLiteDatabaseDoesNotExistException(code: 0): Database file at path [C:\\Users\\alliz\\OneDrive\\Documents\\GitHub\\trial\\teen-titans\\forkfuldiaries\\database\\database.sqlite] does not exist. Ensure this is an absolute path to the database. at C:\\Users\\alliz\\OneDrive\\Documents\\GitHub\\trial\\teen-titans\\forkfuldiaries\\vendor\\laravel\\framework\\src\\Illuminate\\Database\\Connectors\\SQLiteConnector.php:59)
[stacktrace]
#0 C:\\Users\\alliz\\OneDrive\\Documents\\GitHub\\trial\\teen-titans\\forkfuldiaries\\vendor\\laravel\\framework\\src\\Illuminate\\Database\\Connectors\\SQLiteConnector.php(19): Illuminate\\Database\\Connectors\\SQLiteConnector->parseDatabasePath()
#1 C:\\Users\\alliz\\OneDrive\\Documents\\GitHub\\trial\\teen-titans\\forkfuldiaries\\vendor\\laravel\\framework\\src\\Illuminate\\Database\\Connectors\\ConnectionFactory.php(223): Illuminate\\Database\\Connectors\\SQLiteConnector->connect()
#2 [internal function]: Illuminate\\Database\\Connectors\\ConnectionFactory->{closure:Illuminate\\Database\\Connectors\\ConnectionFactory::createPdoResolverWithoutHosts():223}()
#3 C:\\Users\\alliz\\OneDrive\\Documents\\GitHub\\trial\\teen-titans\\forkfuldiaries\\vendor\\laravel\\framework\\src\\Illuminate\\Database\\Connection.php(1230): call_user_func()
#4 C:\\Users\\alliz\\OneDrive\\Documents\\GitHub\\trial\\teen-titans\\forkfuldiaries\\vendor\\laravel\\framework\\src\\Illuminate\\Database\\Connection.php(511): Illuminate\\Database\\Connection->getPdo()
#5 C:\\Users\\alliz\\OneDrive\\Documents\\GitHub\\trial\\teen-titans\\forkfuldiaries\\vendor\\laravel\\framework\\src\\Illuminate\\Database\\Connection.php(406): Illuminate\\Database\\Connection->getPdoForSelect()
#6 C:\\Users\\alliz\\OneDrive\\Documents\\GitHub\\trial\\teen-titans\\forkfuldiaries\\vendor\\laravel\\framework\\src\\Illuminate\\Database\\Connection.php(811): Illuminate\\Database\\Connection->{closure:Illuminate\\Database\\Connection::select():397}()
#7 C:\\Users\\alliz\\OneDrive\\Documents\\GitHub\\trial\\teen-titans\\forkfuldiaries\\vendor\\laravel\\framework\\src\\Illuminate\\Database\\Connection.php(778): Illuminate\\Database\\Connection->runQueryCallback()
#8 C:\\Users\\alliz\\OneDrive\\Documents\\GitHub\\trial\\teen-titans\\forkfuldiaries\\vendor\\laravel\\framework\\src\\Illuminate\\Database\\Connection.php(397): Illuminate\\Database\\Connection->run()
#9 C:\\Users\\alliz\\OneDrive\\Documents\\GitHub\\trial\\teen-titans\\forkfuldiaries\\vendor\\laravel\\framework\\src\\Illuminate\\Database\\Query\\Builder.php(3188): Illuminate\\Database\\Connection->select()
#10 C:\\Users\\alliz\\OneDrive\\Documents\\GitHub\\trial\\teen-titans\\forkfuldiaries\\vendor\\laravel\\framework\\src\\Illuminate\\Database\\Query\\Builder.php(3173): Illuminate\\Database\\Query\\Builder->runSelect()
#11 C:\\Users\\alliz\\OneDrive\\Documents\\GitHub\\trial\\teen-titans\\forkfuldiaries\\vendor\\laravel\\framework\\src\\Illuminate\\Database\\Query\\Builder.php(3763): Illuminate\\Database\\Query\\Builder->{closure:Illuminate\\Database\\Query\\Builder::get():3172}()
#12 C:\\Users\\alliz\\OneDrive\\Documents\\GitHub\\trial\\teen-titans\\forkfuldiaries\\vendor\\laravel\\framework\\src\\Illuminate\\Database\\Query\\Builder.php(3172): Illuminate\\Database\\Query\\Builder->onceWithColumns()
#13 C:\\Users\\alliz\\OneDrive\\Documents\\GitHub\\trial\\teen-titans\\forkfuldiaries\\vendor\\laravel\\framework\\src\\Illuminate\\Database\\Concerns\\BuildsQueries.php(366): Illuminate\\Database\\Query\\Builder->get()
#14 C:\\Users\\alliz\\OneDrive\\Documents\\GitHub\\trial\\teen-titans\\forkfuldiaries\\vendor\\laravel\\framework\\src\\Illuminate\\Database\\Query\\Builder.php(3095): Illuminate\\Database\\Query\\Builder->first()
#15 C:\\Users\\alliz\\OneDrive\\Documents\\GitHub\\trial\\teen-titans\\forkfuldiaries\\vendor\\laravel\\framework\\src\\Illuminate\\Session\\DatabaseSessionHandler.php(96): Illuminate\\Database\\Query\\Builder->find()
#16 C:\\Users\\alliz\\OneDrive\\Documents\\GitHub\\trial\\teen-titans\\forkfuldiaries\\vendor\\laravel\\framework\\src\\Illuminate\\Session\\Store.php(116): Illuminate\\Session\\DatabaseSessionHandler->read()
#17 C:\\Users\\alliz\\OneDrive\\Documents\\GitHub\\trial\\teen-titans\\forkfuldiaries\\vendor\\laravel\\framework\\src\\Illuminate\\Session\\Store.php(104): Illuminate\\Session\\Store->readFromHandler()
#18 C:\\Users\\alliz\\OneDrive\\Documents\\GitHub\\trial\\teen-titans\\forkfuldiaries\\vendor\\laravel\\framework\\src\\Illuminate\\Session\\Store.php(88): Illuminate\\Session\\Store->loadSession()
#19 C:\\Users\\alliz\\OneDrive\\Documents\\GitHub\\trial\\teen-titans\\forkfuldiaries\\vendor\\laravel\\framework\\src\\Illuminate\\Session\\Middleware\\StartSession.php(146): Illuminate\\Session\\Store->start()
#20 C:\\Users\\alliz\\OneDrive\\Documents\\GitHub\\trial\\teen-titans\\forkfuldiaries\\vendor\\laravel\\framework\\src\\Illuminate\\Support\\helpers.php(399): Illuminate\\Session\\Middleware\\StartSession->{closure:Illuminate\\Session\\Middleware\\StartSession::startSession():143}()
#21 C:\\Users\\alliz\\OneDrive\\Documents\\GitHub\\trial\\teen-titans\\forkfuldiaries\\vendor\\laravel\\framework\\src\\Illuminate\\Session\\Middleware\\StartSession.php(143): tap()
#22 C:\\Users\\alliz\\OneDrive\\Documents\\GitHub\\trial\\teen-titans\\forkfuldiaries\\vendor\\laravel\\framework\\src\\Illuminate\\Session\\Middleware\\StartSession.php(115): Illuminate\\Session\\Middleware\\StartSession->startSession()
#23 C:\\Users\\alliz\\OneDrive\\Documents\\GitHub\\trial\\teen-titans\\forkfuldiaries\\vendor\\laravel\\framework\\src\\Illuminate\\Session\\Middleware\\StartSession.php(63): Illuminate\\Session\\Middleware\\StartSession->handleStatefulRequest()
#24 C:\\Users\\alliz\\OneDrive\\Documents\\GitHub\\trial\\teen-titans\\forkfuldiaries\\vendor\\laravel\\framework\\src\\Illuminate\\Pipeline\\Pipeline.php(208): Illuminate\\Session\\Middleware\\StartSession->handle()
#25 C:\\Users\\alliz\\OneDrive\\Documents\\GitHub\\trial\\teen-titans\\forkfuldiaries\\vendor\\laravel\\framework\\src\\Illuminate\\Cookie\\Middleware\\AddQueuedCookiesToResponse.php(36): Illuminate\\Pipeline\\Pipeline->{closure:{closure:Illuminate\\Pipeline\\Pipeline::carry():183}:184}()
#26 C:\\Users\\alliz\\OneDrive\\Documents\\GitHub\\trial\\teen-titans\\forkfuldiaries\\vendor\\laravel\\framework\\src\\Illuminate\\Pipeline\\Pipeline.php(208): Illuminate\\Cookie\\Middleware\\AddQueuedCookiesToResponse->handle()
#27 C:\\Users\\alliz\\OneDrive\\Documents\\GitHub\\trial\\teen-titans\\forkfuldiaries\\vendor\\laravel\\framework\\src\\Illuminate\\Cookie\\Middleware\\EncryptCookies.php(74): Illuminate\\Pipeline\\Pipeline->{closure:{closure:Illuminate\\Pipeline\\Pipeline::carry():183}:184}()
#28 C:\\Users\\alliz\\OneDrive\\Documents\\GitHub\\trial\\teen-titans\\forkfuldiaries\\vendor\\laravel\\framework\\src\\Illuminate\\Pipeline\\Pipeline.php(208): Illuminate\\Cookie\\Middleware\\EncryptCookies->handle()
#29 C:\\Users\\alliz\\OneDrive\\Documents\\GitHub\\trial\\teen-titans\\forkfuldiaries\\vendor\\laravel\\framework\\src\\Illuminate\\Pipeline\\Pipeline.php(126): Illuminate\\Pipeline\\Pipeline->{closure:{closure:Illuminate\\Pipeline\\Pipeline::carry():183}:184}()
#30 C:\\Users\\alliz\\OneDrive\\Documents\\GitHub\\trial\\teen-titans\\forkfuldiaries\\vendor\\laravel\\framework\\src\\Illuminate\\Routing\\Router.php(807): Illuminate\\Pipeline\\Pipeline->then()
#31 C:\\Users\\alliz\\OneDrive\\Documents\\GitHub\\trial\\teen-titans\\forkfuldiaries\\vendor\\laravel\\framework\\src\\Illuminate\\Routing\\Router.php(786): Illuminate\\Routing\\Router->runRouteWithinStack()
#32 C:\\Users\\alliz\\OneDrive\\Documents\\GitHub\\trial\\teen-titans\\forkfuldiaries\\vendor\\laravel\\framework\\src\\Illuminate\\Routing\\Router.php(750): Illuminate\\Routing\\Router->runRoute()
#33 C:\\Users\\alliz\\OneDrive\\Documents\\GitHub\\trial\\teen-titans\\forkfuldiaries\\vendor\\laravel\\framework\\src\\Illuminate\\Routing\\Router.php(739): Illuminate\\Routing\\Router->dispatchToRoute()
#34 C:\\Users\\alliz\\OneDrive\\Documents\\GitHub\\trial\\teen-titans\\forkfuldiaries\\vendor\\laravel\\framework\\src\\Illuminate\\Foundation\\Http\\Kernel.php(200): Illuminate\\Routing\\Router->dispatch()
#35 C:\\Users\\alliz\\OneDrive\\Documents\\GitHub\\trial\\teen-titans\\forkfuldiaries\\vendor\\laravel\\framework\\src\\Illuminate\\Pipeline\\Pipeline.php(169): Illuminate\\Foundation\\Http\\Kernel->{closure:Illuminate\\Foundation\\Http\\Kernel::dispatchToRouter():197}()
#36 C:\\Users\\alliz\\OneDrive\\Documents\\GitHub\\trial\\teen-titans\\forkfuldiaries\\vendor\\laravel\\framework\\src\\Illuminate\\Foundation\\Http\\Middleware\\TransformsRequest.php(21): Illuminate\\Pipeline\\Pipeline->{closure:Illuminate\\Pipeline\\Pipeline::prepareDestination():167}()
#37 C:\\Users\\alliz\\OneDrive\\Documents\\GitHub\\trial\\teen-titans\\forkfuldiaries\\vendor\\laravel\\framework\\src\\Illuminate\\Foundation\\Http\\Middleware\\ConvertEmptyStringsToNull.php(31): Illuminate\\Foundation\\Http\\Middleware\\TransformsRequest->handle()
#38 C:\\Users\\alliz\\OneDrive\\Documents\\GitHub\\trial\\teen-titans\\forkfuldiaries\\vendor\\laravel\\framework\\src\\Illuminate\\Pipeline\\Pipeline.php(208): Illuminate\\Foundation\\Http\\Middleware\\ConvertEmptyStringsToNull->handle()
#39 C:\\Users\\alliz\\OneDrive\\Documents\\GitHub\\trial\\teen-titans\\forkfuldiaries\\vendor\\laravel\\framework\\src\\Illuminate\\Foundation\\Http\\Middleware\\TransformsRequest.php(21): Illuminate\\Pipeline\\Pipeline->{closure:{closure:Illuminate\\Pipeline\\Pipeline::carry():183}:184}()
#40 C:\\Users\\alliz\\OneDrive\\Documents\\GitHub\\trial\\teen-titans\\forkfuldiaries\\vendor\\laravel\\framework\\src\\Illuminate\\Foundation\\Http\\Middleware\\TrimStrings.php(51): Illuminate\\Foundation\\Http\\Middleware\\TransformsRequest->handle()
#41 C:\\Users\\alliz\\OneDrive\\Documents\\GitHub\\trial\\teen-titans\\forkfuldiaries\\vendor\\laravel\\framework\\src\\Illuminate\\Pipeline\\Pipeline.php(208): Illuminate\\Foundation\\Http\\Middleware\\TrimStrings->handle()
#42 C:\\Users\\alliz\\OneDrive\\Documents\\GitHub\\trial\\teen-titans\\forkfuldiaries\\vendor\\laravel\\framework\\src\\Illuminate\\Http\\Middleware\\ValidatePostSize.php(27): Illuminate\\Pipeline\\Pipeline->{closure:{closure:Illuminate\\Pipeline\\Pipeline::carry():183}:184}()
#43 C:\\Users\\alliz\\OneDrive\\Documents\\GitHub\\trial\\teen-titans\\forkfuldiaries\\vendor\\laravel\\framework\\src\\Illuminate\\Pipeline\\Pipeline.php(208): Illuminate\\Http\\Middleware\\ValidatePostSize->handle()
#44 C:\\Users\\alliz\\OneDrive\\Documents\\GitHub\\trial\\teen-titans\\forkfuldiaries\\vendor\\laravel\\framework\\src\\Illuminate\\Foundation\\Http\\Middleware\\PreventRequestsDuringMaintenance.php(109): Illuminate\\Pipeline\\Pipeline->{closure:{closure:Illuminate\\Pipeline\\Pipeline::carry():183}:184}()
#45 C:\\Users\\alliz\\OneDrive\\Documents\\GitHub\\trial\\teen-titans\\forkfuldiaries\\vendor\\laravel\\framework\\src\\Illuminate\\Pipeline\\Pipeline.php(208): Illuminate\\Foundation\\Http\\Middleware\\PreventRequestsDuringMaintenance->handle()
#46 C:\\Users\\alliz\\OneDrive\\Documents\\GitHub\\trial\\teen-titans\\forkfuldiaries\\vendor\\laravel\\framework\\src\\Illuminate\\Http\\Middleware\\HandleCors.php(48): Illuminate\\Pipeline\\Pipeline->{closure:{closure:Illuminate\\Pipeline\\Pipeline::carry():183}:184}()
#47 C:\\Users\\alliz\\OneDrive\\Documents\\GitHub\\trial\\teen-titans\\forkfuldiaries\\vendor\\laravel\\framework\\src\\Illuminate\\Pipeline\\Pipeline.php(208): Illuminate\\Http\\Middleware\\HandleCors->handle()
#48 C:\\Users\\alliz\\OneDrive\\Documents\\GitHub\\trial\\teen-titans\\forkfuldiaries\\vendor\\laravel\\framework\\src\\Illuminate\\Http\\Middleware\\TrustProxies.php(58): Illuminate\\Pipeline\\Pipeline->{closure:{closure:Illuminate\\Pipeline\\Pipeline::carry():183}:184}()
#49 C:\\Users\\alliz\\OneDrive\\Documents\\GitHub\\trial\\teen-titans\\forkfuldiaries\\vendor\\laravel\\framework\\src\\Illuminate\\Pipeline\\Pipeline.php(208): Illuminate\\Http\\Middleware\\TrustProxies->handle()
#50 C:\\Users\\alliz\\OneDrive\\Documents\\GitHub\\trial\\teen-titans\\forkfuldiaries\\vendor\\laravel\\framework\\src\\Illuminate\\Foundation\\Http\\Middleware\\InvokeDeferredCallbacks.php(22): Illuminate\\Pipeline\\Pipeline->{closure:{closure:Illuminate\\Pipeline\\Pipeline::carry():183}:184}()
#51 C:\\Users\\alliz\\OneDrive\\Documents\\GitHub\\trial\\teen-titans\\forkfuldiaries\\vendor\\laravel\\framework\\src\\Illuminate\\Pipeline\\Pipeline.php(208): Illuminate\\Foundation\\Http\\Middleware\\InvokeDeferredCallbacks->handle()
#52 C:\\Users\\alliz\\OneDrive\\Documents\\GitHub\\trial\\teen-titans\\forkfuldiaries\\vendor\\laravel\\framework\\src\\Illuminate\\Http\\Middleware\\ValidatePathEncoding.php(26): Illuminate\\Pipeline\\Pipeline->{closure:{closure:Illuminate\\Pipeline\\Pipeline::carry():183}:184}()
#53 C:\\Users\\alliz\\OneDrive\\Documents\\GitHub\\trial\\teen-titans\\forkfuldiaries\\vendor\\laravel\\framework\\src\\Illuminate\\Pipeline\\Pipeline.php(208): Illuminate\\Http\\Middleware\\ValidatePathEncoding->handle()
#54 C:\\Users\\alliz\\OneDrive\\Documents\\GitHub\\trial\\teen-titans\\forkfuldiaries\\vendor\\laravel\\framework\\src\\Illuminate\\Pipeline\\Pipeline.php(126): Illuminate\\Pipeline\\Pipeline->{closure:{closure:Illuminate\\Pipeline\\Pipeline::carry():183}:184}()
#55 C:\\Users\\alliz\\OneDrive\\Documents\\GitHub\\trial\\teen-titans\\forkfuldiaries\\vendor\\laravel\\framework\\src\\Illuminate\\Foundation\\Http\\Kernel.php(175): Illuminate\\Pipeline\\Pipeline->then()
#56 C:\\Users\\alliz\\OneDrive\\Documents\\GitHub\\trial\\teen-titans\\forkfuldiaries\\vendor\\laravel\\framework\\src\\Illuminate\\Foundation\\Http\\Kernel.php(144): Illuminate\\Foundation\\Http\\Kernel->sendRequestThroughRouter()
#57 C:\\Users\\alliz\\OneDrive\\Documents\\GitHub\\trial\\teen-titans\\forkfuldiaries\\vendor\\laravel\\framework\\src\\Illuminate\\Foundation\\Application.php(1219): Illuminate\\Foundation\\Http\\Kernel->handle()
#58 C:\\Users\\alliz\\OneDrive\\Documents\\GitHub\\trial\\teen-titans\\forkfuldiaries\\public\\index.php(20): Illuminate\\Foundation\\Application->handleRequest()
#59 C:\\Users\\alliz\\OneDrive\\Documents\\GitHub\\trial\\teen-titans\\forkfuldiaries\\vendor\\laravel\\framework\\src\\Illuminate\\Foundation\\resources\\server.php(23): require_once('...')
#60 {main}
"} 
[2025-08-03 08:52:14] local.ERROR: Database file at path [C:\Users\alliz\OneDrive\Documents\GitHub\trial\teen-titans\forkfuldiaries\database\database.sqlite] does not exist. Ensure this is an absolute path to the database. (Connection: sqlite, SQL: select * from "sessions" where "id" = mHlKSZ3DNme0MAIBdKzNM8dJBBqSnFRgtNly9znx limit 1) {"exception":"[object] (Illuminate\\Database\\QueryException(code: 0): Database file at path [C:\\Users\\alliz\\OneDrive\\Documents\\GitHub\\trial\\teen-titans\\forkfuldiaries\\database\\database.sqlite] does not exist. Ensure this is an absolute path to the database. (Connection: sqlite, SQL: select * from \"sessions\" where \"id\" = mHlKSZ3DNme0MAIBdKzNM8dJBBqSnFRgtNly9znx limit 1) at C:\\Users\\alliz\\OneDrive\\Documents\\GitHub\\trial\\teen-titans\\forkfuldiaries\\vendor\\laravel\\framework\\src\\Illuminate\\Database\\Connection.php:824)
[stacktrace]
#0 C:\\Users\\alliz\\OneDrive\\Documents\\GitHub\\trial\\teen-titans\\forkfuldiaries\\vendor\\laravel\\framework\\src\\Illuminate\\Database\\Connection.php(778): Illuminate\\Database\\Connection->runQueryCallback()
#1 C:\\Users\\alliz\\OneDrive\\Documents\\GitHub\\trial\\teen-titans\\forkfuldiaries\\vendor\\laravel\\framework\\src\\Illuminate\\Database\\Connection.php(397): Illuminate\\Database\\Connection->run()
#2 C:\\Users\\alliz\\OneDrive\\Documents\\GitHub\\trial\\teen-titans\\forkfuldiaries\\vendor\\laravel\\framework\\src\\Illuminate\\Database\\Query\\Builder.php(3188): Illuminate\\Database\\Connection->select()
#3 C:\\Users\\alliz\\OneDrive\\Documents\\GitHub\\trial\\teen-titans\\forkfuldiaries\\vendor\\laravel\\framework\\src\\Illuminate\\Database\\Query\\Builder.php(3173): Illuminate\\Database\\Query\\Builder->runSelect()
#4 C:\\Users\\alliz\\OneDrive\\Documents\\GitHub\\trial\\teen-titans\\forkfuldiaries\\vendor\\laravel\\framework\\src\\Illuminate\\Database\\Query\\Builder.php(3763): Illuminate\\Database\\Query\\Builder->{closure:Illuminate\\Database\\Query\\Builder::get():3172}()
#5 C:\\Users\\alliz\\OneDrive\\Documents\\GitHub\\trial\\teen-titans\\forkfuldiaries\\vendor\\laravel\\framework\\src\\Illuminate\\Database\\Query\\Builder.php(3172): Illuminate\\Database\\Query\\Builder->onceWithColumns()
#6 C:\\Users\\alliz\\OneDrive\\Documents\\GitHub\\trial\\teen-titans\\forkfuldiaries\\vendor\\laravel\\framework\\src\\Illuminate\\Database\\Concerns\\BuildsQueries.php(366): Illuminate\\Database\\Query\\Builder->get()
#7 C:\\Users\\alliz\\OneDrive\\Documents\\GitHub\\trial\\teen-titans\\forkfuldiaries\\vendor\\laravel\\framework\\src\\Illuminate\\Database\\Query\\Builder.php(3095): Illuminate\\Database\\Query\\Builder->first()
#8 C:\\Users\\alliz\\OneDrive\\Documents\\GitHub\\trial\\teen-titans\\forkfuldiaries\\vendor\\laravel\\framework\\src\\Illuminate\\Session\\DatabaseSessionHandler.php(96): Illuminate\\Database\\Query\\Builder->find()
#9 C:\\Users\\alliz\\OneDrive\\Documents\\GitHub\\trial\\teen-titans\\forkfuldiaries\\vendor\\laravel\\framework\\src\\Illuminate\\Session\\Store.php(116): Illuminate\\Session\\DatabaseSessionHandler->read()
#10 C:\\Users\\alliz\\OneDrive\\Documents\\GitHub\\trial\\teen-titans\\forkfuldiaries\\vendor\\laravel\\framework\\src\\Illuminate\\Session\\Store.php(104): Illuminate\\Session\\Store->readFromHandler()
#11 C:\\Users\\alliz\\OneDrive\\Documents\\GitHub\\trial\\teen-titans\\forkfuldiaries\\vendor\\laravel\\framework\\src\\Illuminate\\Session\\Store.php(88): Illuminate\\Session\\Store->loadSession()
#12 C:\\Users\\alliz\\OneDrive\\Documents\\GitHub\\trial\\teen-titans\\forkfuldiaries\\vendor\\laravel\\framework\\src\\Illuminate\\Session\\Middleware\\StartSession.php(146): Illuminate\\Session\\Store->start()
#13 C:\\Users\\alliz\\OneDrive\\Documents\\GitHub\\trial\\teen-titans\\forkfuldiaries\\vendor\\laravel\\framework\\src\\Illuminate\\Support\\helpers.php(399): Illuminate\\Session\\Middleware\\StartSession->{closure:Illuminate\\Session\\Middleware\\StartSession::startSession():143}()
#14 C:\\Users\\alliz\\OneDrive\\Documents\\GitHub\\trial\\teen-titans\\forkfuldiaries\\vendor\\laravel\\framework\\src\\Illuminate\\Session\\Middleware\\StartSession.php(143): tap()
#15 C:\\Users\\alliz\\OneDrive\\Documents\\GitHub\\trial\\teen-titans\\forkfuldiaries\\vendor\\laravel\\framework\\src\\Illuminate\\Session\\Middleware\\StartSession.php(115): Illuminate\\Session\\Middleware\\StartSession->startSession()
#16 C:\\Users\\alliz\\OneDrive\\Documents\\GitHub\\trial\\teen-titans\\forkfuldiaries\\vendor\\laravel\\framework\\src\\Illuminate\\Session\\Middleware\\StartSession.php(63): Illuminate\\Session\\Middleware\\StartSession->handleStatefulRequest()
#17 C:\\Users\\alliz\\OneDrive\\Documents\\GitHub\\trial\\teen-titans\\forkfuldiaries\\vendor\\laravel\\framework\\src\\Illuminate\\Pipeline\\Pipeline.php(208): Illuminate\\Session\\Middleware\\StartSession->handle()
#18 C:\\Users\\alliz\\OneDrive\\Documents\\GitHub\\trial\\teen-titans\\forkfuldiaries\\vendor\\laravel\\framework\\src\\Illuminate\\Cookie\\Middleware\\AddQueuedCookiesToResponse.php(36): Illuminate\\Pipeline\\Pipeline->{closure:{closure:Illuminate\\Pipeline\\Pipeline::carry():183}:184}()
#19 C:\\Users\\alliz\\OneDrive\\Documents\\GitHub\\trial\\teen-titans\\forkfuldiaries\\vendor\\laravel\\framework\\src\\Illuminate\\Pipeline\\Pipeline.php(208): Illuminate\\Cookie\\Middleware\\AddQueuedCookiesToResponse->handle()
#20 C:\\Users\\alliz\\OneDrive\\Documents\\GitHub\\trial\\teen-titans\\forkfuldiaries\\vendor\\laravel\\framework\\src\\Illuminate\\Cookie\\Middleware\\EncryptCookies.php(74): Illuminate\\Pipeline\\Pipeline->{closure:{closure:Illuminate\\Pipeline\\Pipeline::carry():183}:184}()
#21 C:\\Users\\alliz\\OneDrive\\Documents\\GitHub\\trial\\teen-titans\\forkfuldiaries\\vendor\\laravel\\framework\\src\\Illuminate\\Pipeline\\Pipeline.php(208): Illuminate\\Cookie\\Middleware\\EncryptCookies->handle()
#22 C:\\Users\\alliz\\OneDrive\\Documents\\GitHub\\trial\\teen-titans\\forkfuldiaries\\vendor\\laravel\\framework\\src\\Illuminate\\Pipeline\\Pipeline.php(126): Illuminate\\Pipeline\\Pipeline->{closure:{closure:Illuminate\\Pipeline\\Pipeline::carry():183}:184}()
#23 C:\\Users\\alliz\\OneDrive\\Documents\\GitHub\\trial\\teen-titans\\forkfuldiaries\\vendor\\laravel\\framework\\src\\Illuminate\\Routing\\Router.php(807): Illuminate\\Pipeline\\Pipeline->then()
#24 C:\\Users\\alliz\\OneDrive\\Documents\\GitHub\\trial\\teen-titans\\forkfuldiaries\\vendor\\laravel\\framework\\src\\Illuminate\\Routing\\Router.php(786): Illuminate\\Routing\\Router->runRouteWithinStack()
#25 C:\\Users\\alliz\\OneDrive\\Documents\\GitHub\\trial\\teen-titans\\forkfuldiaries\\vendor\\laravel\\framework\\src\\Illuminate\\Routing\\Router.php(750): Illuminate\\Routing\\Router->runRoute()
#26 C:\\Users\\alliz\\OneDrive\\Documents\\GitHub\\trial\\teen-titans\\forkfuldiaries\\vendor\\laravel\\framework\\src\\Illuminate\\Routing\\Router.php(739): Illuminate\\Routing\\Router->dispatchToRoute()
#27 C:\\Users\\alliz\\OneDrive\\Documents\\GitHub\\trial\\teen-titans\\forkfuldiaries\\vendor\\laravel\\framework\\src\\Illuminate\\Foundation\\Http\\Kernel.php(200): Illuminate\\Routing\\Router->dispatch()
#28 C:\\Users\\alliz\\OneDrive\\Documents\\GitHub\\trial\\teen-titans\\forkfuldiaries\\vendor\\laravel\\framework\\src\\Illuminate\\Pipeline\\Pipeline.php(169): Illuminate\\Foundation\\Http\\Kernel->{closure:Illuminate\\Foundation\\Http\\Kernel::dispatchToRouter():197}()
#29 C:\\Users\\alliz\\OneDrive\\Documents\\GitHub\\trial\\teen-titans\\forkfuldiaries\\vendor\\laravel\\framework\\src\\Illuminate\\Foundation\\Http\\Middleware\\TransformsRequest.php(21): Illuminate\\Pipeline\\Pipeline->{closure:Illuminate\\Pipeline\\Pipeline::prepareDestination():167}()
#30 C:\\Users\\alliz\\OneDrive\\Documents\\GitHub\\trial\\teen-titans\\forkfuldiaries\\vendor\\laravel\\framework\\src\\Illuminate\\Foundation\\Http\\Middleware\\ConvertEmptyStringsToNull.php(31): Illuminate\\Foundation\\Http\\Middleware\\TransformsRequest->handle()
#31 C:\\Users\\alliz\\OneDrive\\Documents\\GitHub\\trial\\teen-titans\\forkfuldiaries\\vendor\\laravel\\framework\\src\\Illuminate\\Pipeline\\Pipeline.php(208): Illuminate\\Foundation\\Http\\Middleware\\ConvertEmptyStringsToNull->handle()
#32 C:\\Users\\alliz\\OneDrive\\Documents\\GitHub\\trial\\teen-titans\\forkfuldiaries\\vendor\\laravel\\framework\\src\\Illuminate\\Foundation\\Http\\Middleware\\TransformsRequest.php(21): Illuminate\\Pipeline\\Pipeline->{closure:{closure:Illuminate\\Pipeline\\Pipeline::carry():183}:184}()
#33 C:\\Users\\alliz\\OneDrive\\Documents\\GitHub\\trial\\teen-titans\\forkfuldiaries\\vendor\\laravel\\framework\\src\\Illuminate\\Foundation\\Http\\Middleware\\TrimStrings.php(51): Illuminate\\Foundation\\Http\\Middleware\\TransformsRequest->handle()
#34 C:\\Users\\alliz\\OneDrive\\Documents\\GitHub\\trial\\teen-titans\\forkfuldiaries\\vendor\\laravel\\framework\\src\\Illuminate\\Pipeline\\Pipeline.php(208): Illuminate\\Foundation\\Http\\Middleware\\TrimStrings->handle()
#35 C:\\Users\\alliz\\OneDrive\\Documents\\GitHub\\trial\\teen-titans\\forkfuldiaries\\vendor\\laravel\\framework\\src\\Illuminate\\Http\\Middleware\\ValidatePostSize.php(27): Illuminate\\Pipeline\\Pipeline->{closure:{closure:Illuminate\\Pipeline\\Pipeline::carry():183}:184}()
#36 C:\\Users\\alliz\\OneDrive\\Documents\\GitHub\\trial\\teen-titans\\forkfuldiaries\\vendor\\laravel\\framework\\src\\Illuminate\\Pipeline\\Pipeline.php(208): Illuminate\\Http\\Middleware\\ValidatePostSize->handle()
#37 C:\\Users\\alliz\\OneDrive\\Documents\\GitHub\\trial\\teen-titans\\forkfuldiaries\\vendor\\laravel\\framework\\src\\Illuminate\\Foundation\\Http\\Middleware\\PreventRequestsDuringMaintenance.php(109): Illuminate\\Pipeline\\Pipeline->{closure:{closure:Illuminate\\Pipeline\\Pipeline::carry():183}:184}()
#38 C:\\Users\\alliz\\OneDrive\\Documents\\GitHub\\trial\\teen-titans\\forkfuldiaries\\vendor\\laravel\\framework\\src\\Illuminate\\Pipeline\\Pipeline.php(208): Illuminate\\Foundation\\Http\\Middleware\\PreventRequestsDuringMaintenance->handle()
#39 C:\\Users\\alliz\\OneDrive\\Documents\\GitHub\\trial\\teen-titans\\forkfuldiaries\\vendor\\laravel\\framework\\src\\Illuminate\\Http\\Middleware\\HandleCors.php(48): Illuminate\\Pipeline\\Pipeline->{closure:{closure:Illuminate\\Pipeline\\Pipeline::carry():183}:184}()
#40 C:\\Users\\alliz\\OneDrive\\Documents\\GitHub\\trial\\teen-titans\\forkfuldiaries\\vendor\\laravel\\framework\\src\\Illuminate\\Pipeline\\Pipeline.php(208): Illuminate\\Http\\Middleware\\HandleCors->handle()
#41 C:\\Users\\alliz\\OneDrive\\Documents\\GitHub\\trial\\teen-titans\\forkfuldiaries\\vendor\\laravel\\framework\\src\\Illuminate\\Http\\Middleware\\TrustProxies.php(58): Illuminate\\Pipeline\\Pipeline->{closure:{closure:Illuminate\\Pipeline\\Pipeline::carry():183}:184}()
#42 C:\\Users\\alliz\\OneDrive\\Documents\\GitHub\\trial\\teen-titans\\forkfuldiaries\\vendor\\laravel\\framework\\src\\Illuminate\\Pipeline\\Pipeline.php(208): Illuminate\\Http\\Middleware\\TrustProxies->handle()
#43 C:\\Users\\alliz\\OneDrive\\Documents\\GitHub\\trial\\teen-titans\\forkfuldiaries\\vendor\\laravel\\framework\\src\\Illuminate\\Foundation\\Http\\Middleware\\InvokeDeferredCallbacks.php(22): Illuminate\\Pipeline\\Pipeline->{closure:{closure:Illuminate\\Pipeline\\Pipeline::carry():183}:184}()
#44 C:\\Users\\alliz\\OneDrive\\Documents\\GitHub\\trial\\teen-titans\\forkfuldiaries\\vendor\\laravel\\framework\\src\\Illuminate\\Pipeline\\Pipeline.php(208): Illuminate\\Foundation\\Http\\Middleware\\InvokeDeferredCallbacks->handle()
#45 C:\\Users\\alliz\\OneDrive\\Documents\\GitHub\\trial\\teen-titans\\forkfuldiaries\\vendor\\laravel\\framework\\src\\Illuminate\\Http\\Middleware\\ValidatePathEncoding.php(26): Illuminate\\Pipeline\\Pipeline->{closure:{closure:Illuminate\\Pipeline\\Pipeline::carry():183}:184}()
#46 C:\\Users\\alliz\\OneDrive\\Documents\\GitHub\\trial\\teen-titans\\forkfuldiaries\\vendor\\laravel\\framework\\src\\Illuminate\\Pipeline\\Pipeline.php(208): Illuminate\\Http\\Middleware\\ValidatePathEncoding->handle()
#47 C:\\Users\\alliz\\OneDrive\\Documents\\GitHub\\trial\\teen-titans\\forkfuldiaries\\vendor\\laravel\\framework\\src\\Illuminate\\Pipeline\\Pipeline.php(126): Illuminate\\Pipeline\\Pipeline->{closure:{closure:Illuminate\\Pipeline\\Pipeline::carry():183}:184}()
#48 C:\\Users\\alliz\\OneDrive\\Documents\\GitHub\\trial\\teen-titans\\forkfuldiaries\\vendor\\laravel\\framework\\src\\Illuminate\\Foundation\\Http\\Kernel.php(175): Illuminate\\Pipeline\\Pipeline->then()
#49 C:\\Users\\alliz\\OneDrive\\Documents\\GitHub\\trial\\teen-titans\\forkfuldiaries\\vendor\\laravel\\framework\\src\\Illuminate\\Foundation\\Http\\Kernel.php(144): Illuminate\\Foundation\\Http\\Kernel->sendRequestThroughRouter()
#50 C:\\Users\\alliz\\OneDrive\\Documents\\GitHub\\trial\\teen-titans\\forkfuldiaries\\vendor\\laravel\\framework\\src\\Illuminate\\Foundation\\Application.php(1219): Illuminate\\Foundation\\Http\\Kernel->handle()
#51 C:\\Users\\alliz\\OneDrive\\Documents\\GitHub\\trial\\teen-titans\\forkfuldiaries\\public\\index.php(20): Illuminate\\Foundation\\Application->handleRequest()
#52 C:\\Users\\alliz\\OneDrive\\Documents\\GitHub\\trial\\teen-titans\\forkfuldiaries\\vendor\\laravel\\framework\\src\\Illuminate\\Foundation\\resources\\server.php(23): require_once('...')
#53 {main}

[previous exception] [object] (Illuminate\\Database\\SQLiteDatabaseDoesNotExistException(code: 0): Database file at path [C:\\Users\\alliz\\OneDrive\\Documents\\GitHub\\trial\\teen-titans\\forkfuldiaries\\database\\database.sqlite] does not exist. Ensure this is an absolute path to the database. at C:\\Users\\alliz\\OneDrive\\Documents\\GitHub\\trial\\teen-titans\\forkfuldiaries\\vendor\\laravel\\framework\\src\\Illuminate\\Database\\Connectors\\SQLiteConnector.php:59)
[stacktrace]
#0 C:\\Users\\alliz\\OneDrive\\Documents\\GitHub\\trial\\teen-titans\\forkfuldiaries\\vendor\\laravel\\framework\\src\\Illuminate\\Database\\Connectors\\SQLiteConnector.php(19): Illuminate\\Database\\Connectors\\SQLiteConnector->parseDatabasePath()
#1 C:\\Users\\alliz\\OneDrive\\Documents\\GitHub\\trial\\teen-titans\\forkfuldiaries\\vendor\\laravel\\framework\\src\\Illuminate\\Database\\Connectors\\ConnectionFactory.php(223): Illuminate\\Database\\Connectors\\SQLiteConnector->connect()
#2 [internal function]: Illuminate\\Database\\Connectors\\ConnectionFactory->{closure:Illuminate\\Database\\Connectors\\ConnectionFactory::createPdoResolverWithoutHosts():223}()
#3 C:\\Users\\alliz\\OneDrive\\Documents\\GitHub\\trial\\teen-titans\\forkfuldiaries\\vendor\\laravel\\framework\\src\\Illuminate\\Database\\Connection.php(1230): call_user_func()
#4 C:\\Users\\alliz\\OneDrive\\Documents\\GitHub\\trial\\teen-titans\\forkfuldiaries\\vendor\\laravel\\framework\\src\\Illuminate\\Database\\Connection.php(511): Illuminate\\Database\\Connection->getPdo()
#5 C:\\Users\\alliz\\OneDrive\\Documents\\GitHub\\trial\\teen-titans\\forkfuldiaries\\vendor\\laravel\\framework\\src\\Illuminate\\Database\\Connection.php(406): Illuminate\\Database\\Connection->getPdoForSelect()
#6 C:\\Users\\alliz\\OneDrive\\Documents\\GitHub\\trial\\teen-titans\\forkfuldiaries\\vendor\\laravel\\framework\\src\\Illuminate\\Database\\Connection.php(811): Illuminate\\Database\\Connection->{closure:Illuminate\\Database\\Connection::select():397}()
#7 C:\\Users\\alliz\\OneDrive\\Documents\\GitHub\\trial\\teen-titans\\forkfuldiaries\\vendor\\laravel\\framework\\src\\Illuminate\\Database\\Connection.php(778): Illuminate\\Database\\Connection->runQueryCallback()
#8 C:\\Users\\alliz\\OneDrive\\Documents\\GitHub\\trial\\teen-titans\\forkfuldiaries\\vendor\\laravel\\framework\\src\\Illuminate\\Database\\Connection.php(397): Illuminate\\Database\\Connection->run()
#9 C:\\Users\\alliz\\OneDrive\\Documents\\GitHub\\trial\\teen-titans\\forkfuldiaries\\vendor\\laravel\\framework\\src\\Illuminate\\Database\\Query\\Builder.php(3188): Illuminate\\Database\\Connection->select()
#10 C:\\Users\\alliz\\OneDrive\\Documents\\GitHub\\trial\\teen-titans\\forkfuldiaries\\vendor\\laravel\\framework\\src\\Illuminate\\Database\\Query\\Builder.php(3173): Illuminate\\Database\\Query\\Builder->runSelect()
#11 C:\\Users\\alliz\\OneDrive\\Documents\\GitHub\\trial\\teen-titans\\forkfuldiaries\\vendor\\laravel\\framework\\src\\Illuminate\\Database\\Query\\Builder.php(3763): Illuminate\\Database\\Query\\Builder->{closure:Illuminate\\Database\\Query\\Builder::get():3172}()
#12 C:\\Users\\alliz\\OneDrive\\Documents\\GitHub\\trial\\teen-titans\\forkfuldiaries\\vendor\\laravel\\framework\\src\\Illuminate\\Database\\Query\\Builder.php(3172): Illuminate\\Database\\Query\\Builder->onceWithColumns()
#13 C:\\Users\\alliz\\OneDrive\\Documents\\GitHub\\trial\\teen-titans\\forkfuldiaries\\vendor\\laravel\\framework\\src\\Illuminate\\Database\\Concerns\\BuildsQueries.php(366): Illuminate\\Database\\Query\\Builder->get()
#14 C:\\Users\\alliz\\OneDrive\\Documents\\GitHub\\trial\\teen-titans\\forkfuldiaries\\vendor\\laravel\\framework\\src\\Illuminate\\Database\\Query\\Builder.php(3095): Illuminate\\Database\\Query\\Builder->first()
#15 C:\\Users\\alliz\\OneDrive\\Documents\\GitHub\\trial\\teen-titans\\forkfuldiaries\\vendor\\laravel\\framework\\src\\Illuminate\\Session\\DatabaseSessionHandler.php(96): Illuminate\\Database\\Query\\Builder->find()
#16 C:\\Users\\alliz\\OneDrive\\Documents\\GitHub\\trial\\teen-titans\\forkfuldiaries\\vendor\\laravel\\framework\\src\\Illuminate\\Session\\Store.php(116): Illuminate\\Session\\DatabaseSessionHandler->read()
#17 C:\\Users\\alliz\\OneDrive\\Documents\\GitHub\\trial\\teen-titans\\forkfuldiaries\\vendor\\laravel\\framework\\src\\Illuminate\\Session\\Store.php(104): Illuminate\\Session\\Store->readFromHandler()
#18 C:\\Users\\alliz\\OneDrive\\Documents\\GitHub\\trial\\teen-titans\\forkfuldiaries\\vendor\\laravel\\framework\\src\\Illuminate\\Session\\Store.php(88): Illuminate\\Session\\Store->loadSession()
#19 C:\\Users\\alliz\\OneDrive\\Documents\\GitHub\\trial\\teen-titans\\forkfuldiaries\\vendor\\laravel\\framework\\src\\Illuminate\\Session\\Middleware\\StartSession.php(146): Illuminate\\Session\\Store->start()
#20 C:\\Users\\alliz\\OneDrive\\Documents\\GitHub\\trial\\teen-titans\\forkfuldiaries\\vendor\\laravel\\framework\\src\\Illuminate\\Support\\helpers.php(399): Illuminate\\Session\\Middleware\\StartSession->{closure:Illuminate\\Session\\Middleware\\StartSession::startSession():143}()
#21 C:\\Users\\alliz\\OneDrive\\Documents\\GitHub\\trial\\teen-titans\\forkfuldiaries\\vendor\\laravel\\framework\\src\\Illuminate\\Session\\Middleware\\StartSession.php(143): tap()
#22 C:\\Users\\alliz\\OneDrive\\Documents\\GitHub\\trial\\teen-titans\\forkfuldiaries\\vendor\\laravel\\framework\\src\\Illuminate\\Session\\Middleware\\StartSession.php(115): Illuminate\\Session\\Middleware\\StartSession->startSession()
#23 C:\\Users\\alliz\\OneDrive\\Documents\\GitHub\\trial\\teen-titans\\forkfuldiaries\\vendor\\laravel\\framework\\src\\Illuminate\\Session\\Middleware\\StartSession.php(63): Illuminate\\Session\\Middleware\\StartSession->handleStatefulRequest()
#24 C:\\Users\\alliz\\OneDrive\\Documents\\GitHub\\trial\\teen-titans\\forkfuldiaries\\vendor\\laravel\\framework\\src\\Illuminate\\Pipeline\\Pipeline.php(208): Illuminate\\Session\\Middleware\\StartSession->handle()
#25 C:\\Users\\alliz\\OneDrive\\Documents\\GitHub\\trial\\teen-titans\\forkfuldiaries\\vendor\\laravel\\framework\\src\\Illuminate\\Cookie\\Middleware\\AddQueuedCookiesToResponse.php(36): Illuminate\\Pipeline\\Pipeline->{closure:{closure:Illuminate\\Pipeline\\Pipeline::carry():183}:184}()
#26 C:\\Users\\alliz\\OneDrive\\Documents\\GitHub\\trial\\teen-titans\\forkfuldiaries\\vendor\\laravel\\framework\\src\\Illuminate\\Pipeline\\Pipeline.php(208): Illuminate\\Cookie\\Middleware\\AddQueuedCookiesToResponse->handle()
#27 C:\\Users\\alliz\\OneDrive\\Documents\\GitHub\\trial\\teen-titans\\forkfuldiaries\\vendor\\laravel\\framework\\src\\Illuminate\\Cookie\\Middleware\\EncryptCookies.php(74): Illuminate\\Pipeline\\Pipeline->{closure:{closure:Illuminate\\Pipeline\\Pipeline::carry():183}:184}()
#28 C:\\Users\\alliz\\OneDrive\\Documents\\GitHub\\trial\\teen-titans\\forkfuldiaries\\vendor\\laravel\\framework\\src\\Illuminate\\Pipeline\\Pipeline.php(208): Illuminate\\Cookie\\Middleware\\EncryptCookies->handle()
#29 C:\\Users\\alliz\\OneDrive\\Documents\\GitHub\\trial\\teen-titans\\forkfuldiaries\\vendor\\laravel\\framework\\src\\Illuminate\\Pipeline\\Pipeline.php(126): Illuminate\\Pipeline\\Pipeline->{closure:{closure:Illuminate\\Pipeline\\Pipeline::carry():183}:184}()
#30 C:\\Users\\alliz\\OneDrive\\Documents\\GitHub\\trial\\teen-titans\\forkfuldiaries\\vendor\\laravel\\framework\\src\\Illuminate\\Routing\\Router.php(807): Illuminate\\Pipeline\\Pipeline->then()
#31 C:\\Users\\alliz\\OneDrive\\Documents\\GitHub\\trial\\teen-titans\\forkfuldiaries\\vendor\\laravel\\framework\\src\\Illuminate\\Routing\\Router.php(786): Illuminate\\Routing\\Router->runRouteWithinStack()
#32 C:\\Users\\alliz\\OneDrive\\Documents\\GitHub\\trial\\teen-titans\\forkfuldiaries\\vendor\\laravel\\framework\\src\\Illuminate\\Routing\\Router.php(750): Illuminate\\Routing\\Router->runRoute()
#33 C:\\Users\\alliz\\OneDrive\\Documents\\GitHub\\trial\\teen-titans\\forkfuldiaries\\vendor\\laravel\\framework\\src\\Illuminate\\Routing\\Router.php(739): Illuminate\\Routing\\Router->dispatchToRoute()
#34 C:\\Users\\alliz\\OneDrive\\Documents\\GitHub\\trial\\teen-titans\\forkfuldiaries\\vendor\\laravel\\framework\\src\\Illuminate\\Foundation\\Http\\Kernel.php(200): Illuminate\\Routing\\Router->dispatch()
#35 C:\\Users\\alliz\\OneDrive\\Documents\\GitHub\\trial\\teen-titans\\forkfuldiaries\\vendor\\laravel\\framework\\src\\Illuminate\\Pipeline\\Pipeline.php(169): Illuminate\\Foundation\\Http\\Kernel->{closure:Illuminate\\Foundation\\Http\\Kernel::dispatchToRouter():197}()
#36 C:\\Users\\alliz\\OneDrive\\Documents\\GitHub\\trial\\teen-titans\\forkfuldiaries\\vendor\\laravel\\framework\\src\\Illuminate\\Foundation\\Http\\Middleware\\TransformsRequest.php(21): Illuminate\\Pipeline\\Pipeline->{closure:Illuminate\\Pipeline\\Pipeline::prepareDestination():167}()
#37 C:\\Users\\alliz\\OneDrive\\Documents\\GitHub\\trial\\teen-titans\\forkfuldiaries\\vendor\\laravel\\framework\\src\\Illuminate\\Foundation\\Http\\Middleware\\ConvertEmptyStringsToNull.php(31): Illuminate\\Foundation\\Http\\Middleware\\TransformsRequest->handle()
#38 C:\\Users\\alliz\\OneDrive\\Documents\\GitHub\\trial\\teen-titans\\forkfuldiaries\\vendor\\laravel\\framework\\src\\Illuminate\\Pipeline\\Pipeline.php(208): Illuminate\\Foundation\\Http\\Middleware\\ConvertEmptyStringsToNull->handle()
#39 C:\\Users\\alliz\\OneDrive\\Documents\\GitHub\\trial\\teen-titans\\forkfuldiaries\\vendor\\laravel\\framework\\src\\Illuminate\\Foundation\\Http\\Middleware\\TransformsRequest.php(21): Illuminate\\Pipeline\\Pipeline->{closure:{closure:Illuminate\\Pipeline\\Pipeline::carry():183}:184}()
#40 C:\\Users\\alliz\\OneDrive\\Documents\\GitHub\\trial\\teen-titans\\forkfuldiaries\\vendor\\laravel\\framework\\src\\Illuminate\\Foundation\\Http\\Middleware\\TrimStrings.php(51): Illuminate\\Foundation\\Http\\Middleware\\TransformsRequest->handle()
#41 C:\\Users\\alliz\\OneDrive\\Documents\\GitHub\\trial\\teen-titans\\forkfuldiaries\\vendor\\laravel\\framework\\src\\Illuminate\\Pipeline\\Pipeline.php(208): Illuminate\\Foundation\\Http\\Middleware\\TrimStrings->handle()
#42 C:\\Users\\alliz\\OneDrive\\Documents\\GitHub\\trial\\teen-titans\\forkfuldiaries\\vendor\\laravel\\framework\\src\\Illuminate\\Http\\Middleware\\ValidatePostSize.php(27): Illuminate\\Pipeline\\Pipeline->{closure:{closure:Illuminate\\Pipeline\\Pipeline::carry():183}:184}()
#43 C:\\Users\\alliz\\OneDrive\\Documents\\GitHub\\trial\\teen-titans\\forkfuldiaries\\vendor\\laravel\\framework\\src\\Illuminate\\Pipeline\\Pipeline.php(208): Illuminate\\Http\\Middleware\\ValidatePostSize->handle()
#44 C:\\Users\\alliz\\OneDrive\\Documents\\GitHub\\trial\\teen-titans\\forkfuldiaries\\vendor\\laravel\\framework\\src\\Illuminate\\Foundation\\Http\\Middleware\\PreventRequestsDuringMaintenance.php(109): Illuminate\\Pipeline\\Pipeline->{closure:{closure:Illuminate\\Pipeline\\Pipeline::carry():183}:184}()
#45 C:\\Users\\alliz\\OneDrive\\Documents\\GitHub\\trial\\teen-titans\\forkfuldiaries\\vendor\\laravel\\framework\\src\\Illuminate\\Pipeline\\Pipeline.php(208): Illuminate\\Foundation\\Http\\Middleware\\PreventRequestsDuringMaintenance->handle()
#46 C:\\Users\\alliz\\OneDrive\\Documents\\GitHub\\trial\\teen-titans\\forkfuldiaries\\vendor\\laravel\\framework\\src\\Illuminate\\Http\\Middleware\\HandleCors.php(48): Illuminate\\Pipeline\\Pipeline->{closure:{closure:Illuminate\\Pipeline\\Pipeline::carry():183}:184}()
#47 C:\\Users\\alliz\\OneDrive\\Documents\\GitHub\\trial\\teen-titans\\forkfuldiaries\\vendor\\laravel\\framework\\src\\Illuminate\\Pipeline\\Pipeline.php(208): Illuminate\\Http\\Middleware\\HandleCors->handle()
#48 C:\\Users\\alliz\\OneDrive\\Documents\\GitHub\\trial\\teen-titans\\forkfuldiaries\\vendor\\laravel\\framework\\src\\Illuminate\\Http\\Middleware\\TrustProxies.php(58): Illuminate\\Pipeline\\Pipeline->{closure:{closure:Illuminate\\Pipeline\\Pipeline::carry():183}:184}()
#49 C:\\Users\\alliz\\OneDrive\\Documents\\GitHub\\trial\\teen-titans\\forkfuldiaries\\vendor\\laravel\\framework\\src\\Illuminate\\Pipeline\\Pipeline.php(208): Illuminate\\Http\\Middleware\\TrustProxies->handle()
#50 C:\\Users\\alliz\\OneDrive\\Documents\\GitHub\\trial\\teen-titans\\forkfuldiaries\\vendor\\laravel\\framework\\src\\Illuminate\\Foundation\\Http\\Middleware\\InvokeDeferredCallbacks.php(22): Illuminate\\Pipeline\\Pipeline->{closure:{closure:Illuminate\\Pipeline\\Pipeline::carry():183}:184}()
#51 C:\\Users\\alliz\\OneDrive\\Documents\\GitHub\\trial\\teen-titans\\forkfuldiaries\\vendor\\laravel\\framework\\src\\Illuminate\\Pipeline\\Pipeline.php(208): Illuminate\\Foundation\\Http\\Middleware\\InvokeDeferredCallbacks->handle()
#52 C:\\Users\\alliz\\OneDrive\\Documents\\GitHub\\trial\\teen-titans\\forkfuldiaries\\vendor\\laravel\\framework\\src\\Illuminate\\Http\\Middleware\\ValidatePathEncoding.php(26): Illuminate\\Pipeline\\Pipeline->{closure:{closure:Illuminate\\Pipeline\\Pipeline::carry():183}:184}()
#53 C:\\Users\\alliz\\OneDrive\\Documents\\GitHub\\trial\\teen-titans\\forkfuldiaries\\vendor\\laravel\\framework\\src\\Illuminate\\Pipeline\\Pipeline.php(208): Illuminate\\Http\\Middleware\\ValidatePathEncoding->handle()
#54 C:\\Users\\alliz\\OneDrive\\Documents\\GitHub\\trial\\teen-titans\\forkfuldiaries\\vendor\\laravel\\framework\\src\\Illuminate\\Pipeline\\Pipeline.php(126): Illuminate\\Pipeline\\Pipeline->{closure:{closure:Illuminate\\Pipeline\\Pipeline::carry():183}:184}()
#55 C:\\Users\\alliz\\OneDrive\\Documents\\GitHub\\trial\\teen-titans\\forkfuldiaries\\vendor\\laravel\\framework\\src\\Illuminate\\Foundation\\Http\\Kernel.php(175): Illuminate\\Pipeline\\Pipeline->then()
#56 C:\\Users\\alliz\\OneDrive\\Documents\\GitHub\\trial\\teen-titans\\forkfuldiaries\\vendor\\laravel\\framework\\src\\Illuminate\\Foundation\\Http\\Kernel.php(144): Illuminate\\Foundation\\Http\\Kernel->sendRequestThroughRouter()
#57 C:\\Users\\alliz\\OneDrive\\Documents\\GitHub\\trial\\teen-titans\\forkfuldiaries\\vendor\\laravel\\framework\\src\\Illuminate\\Foundation\\Application.php(1219): Illuminate\\Foundation\\Http\\Kernel->handle()
#58 C:\\Users\\alliz\\OneDrive\\Documents\\GitHub\\trial\\teen-titans\\forkfuldiaries\\public\\index.php(20): Illuminate\\Foundation\\Application->handleRequest()
#59 C:\\Users\\alliz\\OneDrive\\Documents\\GitHub\\trial\\teen-titans\\forkfuldiaries\\vendor\\laravel\\framework\\src\\Illuminate\\Foundation\\resources\\server.php(23): require_once('...')
#60 {main}
"} 
